Analysis & Synthesis report for ATCONV
Fri May 19 17:32:57 2023
Quartus Prime Version 20.1.1 Build 720 11/11/2020 SJ Lite Edition


---------------------
; Table of Contents ;
---------------------
  1. Legal Notice
  2. Analysis & Synthesis Summary
  3. Analysis & Synthesis Settings
  4. Parallel Compilation
  5. Analysis & Synthesis Source Files Read
  6. Analysis & Synthesis Resource Usage Summary
  7. Analysis & Synthesis Resource Utilization by Entity
  8. State Machine - |ATCONV|state_reg
  9. Registers Removed During Synthesis
 10. General Register Statistics
 11. Multiplexer Restructuring Statistics (Restructuring Performed)
 12. Parameter Settings for User Entity Instance: Top-level Entity: |ATCONV
 13. Post-Synthesis Netlist Statistics for Top Partition
 14. Elapsed Time Per Partition
 15. Analysis & Synthesis Messages



----------------
; Legal Notice ;
----------------
Copyright (C) 2020  Intel Corporation. All rights reserved.
Your use of Intel Corporation's design tools, logic functions 
and other software and tools, and any partner logic 
functions, and any output files from any of the foregoing 
(including device programming or simulation files), and any 
associated documentation or information are expressly subject 
to the terms and conditions of the Intel Program License 
Subscription Agreement, the Intel Quartus Prime License Agreement,
the Intel FPGA IP License Agreement, or other applicable license
agreement, including, without limitation, that your use is for
the sole purpose of programming logic devices manufactured by
Intel and sold by Intel or its authorized distributors.  Please
refer to the applicable agreement for further details, at
https://fpgasoftware.intel.com/eula.



+----------------------------------------------------------------------------------+
; Analysis & Synthesis Summary                                                     ;
+------------------------------------+---------------------------------------------+
; Analysis & Synthesis Status        ; Successful - Fri May 19 17:32:57 2023       ;
; Quartus Prime Version              ; 20.1.1 Build 720 11/11/2020 SJ Lite Edition ;
; Revision Name                      ; ATCONV                                      ;
; Top-level Entity Name              ; ATCONV                                      ;
; Family                             ; Cyclone IV E                                ;
; Total logic elements               ; 655                                         ;
;     Total combinational functions  ; 643                                         ;
;     Dedicated logic registers      ; 113                                         ;
; Total registers                    ; 113                                         ;
; Total pins                         ; 82                                          ;
; Total virtual pins                 ; 0                                           ;
; Total memory bits                  ; 0                                           ;
; Embedded Multiplier 9-bit elements ; 0                                           ;
; Total PLLs                         ; 0                                           ;
+------------------------------------+---------------------------------------------+


+------------------------------------------------------------------------------------------------------------+
; Analysis & Synthesis Settings                                                                              ;
+------------------------------------------------------------------+--------------------+--------------------+
; Option                                                           ; Setting            ; Default Value      ;
+------------------------------------------------------------------+--------------------+--------------------+
; Device                                                           ; EP4CE55F23A7       ;                    ;
; Top-level entity name                                            ; ATCONV             ; ATCONV             ;
; Family name                                                      ; Cyclone IV E       ; Cyclone V          ;
; Use smart compilation                                            ; Off                ; Off                ;
; Enable parallel Assembler and Timing Analyzer during compilation ; On                 ; On                 ;
; Enable compact report table                                      ; Off                ; Off                ;
; Restructure Multiplexers                                         ; Auto               ; Auto               ;
; Create Debugging Nodes for IP Cores                              ; Off                ; Off                ;
; Preserve fewer node names                                        ; On                 ; On                 ;
; Intel FPGA IP Evaluation Mode                                    ; Enable             ; Enable             ;
; Verilog Version                                                  ; Verilog_2001       ; Verilog_2001       ;
; VHDL Version                                                     ; VHDL_1993          ; VHDL_1993          ;
; State Machine Processing                                         ; Auto               ; Auto               ;
; Safe State Machine                                               ; Off                ; Off                ;
; Extract Verilog State Machines                                   ; On                 ; On                 ;
; Extract VHDL State Machines                                      ; On                 ; On                 ;
; Ignore Verilog initial constructs                                ; Off                ; Off                ;
; Iteration limit for constant Verilog loops                       ; 5000               ; 5000               ;
; Iteration limit for non-constant Verilog loops                   ; 250                ; 250                ;
; Add Pass-Through Logic to Inferred RAMs                          ; On                 ; On                 ;
; Infer RAMs from Raw Logic                                        ; On                 ; On                 ;
; Parallel Synthesis                                               ; On                 ; On                 ;
; DSP Block Balancing                                              ; Auto               ; Auto               ;
; NOT Gate Push-Back                                               ; On                 ; On                 ;
; Power-Up Don't Care                                              ; On                 ; On                 ;
; Remove Redundant Logic Cells                                     ; Off                ; Off                ;
; Remove Duplicate Registers                                       ; On                 ; On                 ;
; Ignore CARRY Buffers                                             ; Off                ; Off                ;
; Ignore CASCADE Buffers                                           ; Off                ; Off                ;
; Ignore GLOBAL Buffers                                            ; Off                ; Off                ;
; Ignore ROW GLOBAL Buffers                                        ; Off                ; Off                ;
; Ignore LCELL Buffers                                             ; Off                ; Off                ;
; Ignore SOFT Buffers                                              ; On                 ; On                 ;
; Limit AHDL Integers to 32 Bits                                   ; Off                ; Off                ;
; Optimization Technique                                           ; Balanced           ; Balanced           ;
; Carry Chain Length                                               ; 70                 ; 70                 ;
; Auto Carry Chains                                                ; On                 ; On                 ;
; Auto Open-Drain Pins                                             ; On                 ; On                 ;
; Perform WYSIWYG Primitive Resynthesis                            ; Off                ; Off                ;
; Auto ROM Replacement                                             ; On                 ; On                 ;
; Auto RAM Replacement                                             ; On                 ; On                 ;
; Auto DSP Block Replacement                                       ; On                 ; On                 ;
; Auto Shift Register Replacement                                  ; Auto               ; Auto               ;
; Allow Shift Register Merging across Hierarchies                  ; Auto               ; Auto               ;
; Auto Clock Enable Replacement                                    ; On                 ; On                 ;
; Strict RAM Replacement                                           ; Off                ; Off                ;
; Allow Synchronous Control Signals                                ; On                 ; On                 ;
; Force Use of Synchronous Clear Signals                           ; Off                ; Off                ;
; Auto RAM Block Balancing                                         ; On                 ; On                 ;
; Auto RAM to Logic Cell Conversion                                ; Off                ; Off                ;
; Auto Resource Sharing                                            ; Off                ; Off                ;
; Allow Any RAM Size For Recognition                               ; Off                ; Off                ;
; Allow Any ROM Size For Recognition                               ; Off                ; Off                ;
; Allow Any Shift Register Size For Recognition                    ; Off                ; Off                ;
; Use LogicLock Constraints during Resource Balancing              ; On                 ; On                 ;
; Ignore translate_off and synthesis_off directives                ; Off                ; Off                ;
; Timing-Driven Synthesis                                          ; On                 ; On                 ;
; Report Parameter Settings                                        ; On                 ; On                 ;
; Report Source Assignments                                        ; On                 ; On                 ;
; Report Connectivity Checks                                       ; On                 ; On                 ;
; Ignore Maximum Fan-Out Assignments                               ; Off                ; Off                ;
; Synchronization Register Chain Length                            ; 2                  ; 2                  ;
; Power Optimization During Synthesis                              ; Normal compilation ; Normal compilation ;
; HDL message level                                                ; Level2             ; Level2             ;
; Suppress Register Optimization Related Messages                  ; Off                ; Off                ;
; Number of Removed Registers Reported in Synthesis Report         ; 5000               ; 5000               ;
; Number of Swept Nodes Reported in Synthesis Report               ; 5000               ; 5000               ;
; Number of Inverted Registers Reported in Synthesis Report        ; 100                ; 100                ;
; Clock MUX Protection                                             ; On                 ; On                 ;
; Auto Gated Clock Conversion                                      ; Off                ; Off                ;
; Block Design Naming                                              ; Auto               ; Auto               ;
; SDC constraint protection                                        ; Off                ; Off                ;
; Synthesis Effort                                                 ; Auto               ; Auto               ;
; Shift Register Replacement - Allow Asynchronous Clear Signal     ; On                 ; On                 ;
; Pre-Mapping Resynthesis Optimization                             ; Off                ; Off                ;
; Analysis & Synthesis Message Level                               ; Medium             ; Medium             ;
; Disable Register Merging Across Hierarchies                      ; Auto               ; Auto               ;
; Resource Aware Inference For Block RAM                           ; On                 ; On                 ;
+------------------------------------------------------------------+--------------------+--------------------+


+------------------------------------------+
; Parallel Compilation                     ;
+----------------------------+-------------+
; Processors                 ; Number      ;
+----------------------------+-------------+
; Number detected on machine ; 4           ;
; Maximum allowed            ; 2           ;
;                            ;             ;
; Average used               ; 1.00        ;
; Maximum used               ; 2           ;
;                            ;             ;
; Usage by Processor         ; % Time Used ;
;     Processor 1            ; 100.0%      ;
;     Processor 2            ;   0.0%      ;
+----------------------------+-------------+


+-------------------------------------------------------------------------------------------------------------------------------------------------------------+
; Analysis & Synthesis Source Files Read                                                                                                                      ;
+----------------------------------+-----------------+------------------------+---------------------------------------------------------------------+---------+
; File Name with User-Entered Path ; Used in Netlist ; File Type              ; File Name with Absolute Path                                        ; Library ;
+----------------------------------+-----------------+------------------------+---------------------------------------------------------------------+---------+
; ../ATCONV.v                      ; yes             ; User Verilog HDL File  ; C:/Users/Tuco/Desktop/IC design/homework/question/HW4/file/ATCONV.v ;         ;
+----------------------------------+-----------------+------------------------+---------------------------------------------------------------------+---------+


+---------------------------------------------------------+
; Analysis & Synthesis Resource Usage Summary             ;
+---------------------------------------------+-----------+
; Resource                                    ; Usage     ;
+---------------------------------------------+-----------+
; Estimated Total logic elements              ; 655       ;
;                                             ;           ;
; Total combinational functions               ; 643       ;
; Logic element usage by number of LUT inputs ;           ;
;     -- 4 input functions                    ; 249       ;
;     -- 3 input functions                    ; 127       ;
;     -- <=2 input functions                  ; 267       ;
;                                             ;           ;
; Logic elements by mode                      ;           ;
;     -- normal mode                          ; 415       ;
;     -- arithmetic mode                      ; 228       ;
;                                             ;           ;
; Total registers                             ; 113       ;
;     -- Dedicated logic registers            ; 113       ;
;     -- I/O registers                        ; 0         ;
;                                             ;           ;
; I/O pins                                    ; 82        ;
;                                             ;           ;
; Embedded Multiplier 9-bit elements          ; 0         ;
;                                             ;           ;
; Maximum fan-out node                        ; clk~input ;
; Maximum fan-out                             ; 113       ;
; Total fan-out                               ; 2467      ;
; Average fan-out                             ; 2.68      ;
+---------------------------------------------+-----------+


+----------------------------------------------------------------------------------------------------------------------------------------------------------------------------------------------------------+
; Analysis & Synthesis Resource Utilization by Entity                                                                                                                                                      ;
+----------------------------+---------------------+---------------------------+-------------+--------------+---------+-----------+------+--------------+---------------------+-------------+--------------+
; Compilation Hierarchy Node ; Combinational ALUTs ; Dedicated Logic Registers ; Memory Bits ; DSP Elements ; DSP 9x9 ; DSP 18x18 ; Pins ; Virtual Pins ; Full Hierarchy Name ; Entity Name ; Library Name ;
+----------------------------+---------------------+---------------------------+-------------+--------------+---------+-----------+------+--------------+---------------------+-------------+--------------+
; |ATCONV                    ; 643 (643)           ; 113 (113)                 ; 0           ; 0            ; 0       ; 0         ; 82   ; 0            ; |ATCONV             ; ATCONV      ; work         ;
+----------------------------+---------------------+---------------------------+-------------+--------------+---------+-----------+------+--------------+---------------------+-------------+--------------+
Note: For table entries with two numbers listed, the numbers in parentheses indicate the number of resources of the given type used by the specific entity alone. The numbers listed outside of parentheses indicate the total resources of the given type used by the specific entity and all of its sub-entities in the hierarchy.


Encoding Type:  One-Hot
+--------------------------------------------------------------------------------------------------------------------------------------------------------------------------------------------------------------------------------------------------+
; State Machine - |ATCONV|state_reg                                                                                                                                                                                                                ;
+----------------------------+------------------+-------------------+--------------------+-------------------+-----------------------+-------------------+---------------+----------------------------+----------------------+---------------------+
; Name                       ; state_reg.FINISH ; state_reg.STORE_1 ; state_reg.FIND_MAX ; state_reg.FETCH_0 ; state_reg.SET_FETCH_0 ; state_reg.STORE_0 ; state_reg.CAL ; state_reg.FETCH_KERNEL_IDX ; state_reg.FETCH_FAKE ; state_reg.SET_FETCH ;
+----------------------------+------------------+-------------------+--------------------+-------------------+-----------------------+-------------------+---------------+----------------------------+----------------------+---------------------+
; state_reg.SET_FETCH        ; 0                ; 0                 ; 0                  ; 0                 ; 0                     ; 0                 ; 0             ; 0                          ; 0                    ; 0                   ;
; state_reg.FETCH_FAKE       ; 0                ; 0                 ; 0                  ; 0                 ; 0                     ; 0                 ; 0             ; 0                          ; 1                    ; 1                   ;
; state_reg.FETCH_KERNEL_IDX ; 0                ; 0                 ; 0                  ; 0                 ; 0                     ; 0                 ; 0             ; 1                          ; 0                    ; 1                   ;
; state_reg.CAL              ; 0                ; 0                 ; 0                  ; 0                 ; 0                     ; 0                 ; 1             ; 0                          ; 0                    ; 1                   ;
; state_reg.STORE_0          ; 0                ; 0                 ; 0                  ; 0                 ; 0                     ; 1                 ; 0             ; 0                          ; 0                    ; 1                   ;
; state_reg.SET_FETCH_0      ; 0                ; 0                 ; 0                  ; 0                 ; 1                     ; 0                 ; 0             ; 0                          ; 0                    ; 1                   ;
; state_reg.FETCH_0          ; 0                ; 0                 ; 0                  ; 1                 ; 0                     ; 0                 ; 0             ; 0                          ; 0                    ; 1                   ;
; state_reg.FIND_MAX         ; 0                ; 0                 ; 1                  ; 0                 ; 0                     ; 0                 ; 0             ; 0                          ; 0                    ; 1                   ;
; state_reg.STORE_1          ; 0                ; 1                 ; 0                  ; 0                 ; 0                     ; 0                 ; 0             ; 0                          ; 0                    ; 1                   ;
; state_reg.FINISH           ; 1                ; 0                 ; 0                  ; 0                 ; 0                     ; 0                 ; 0             ; 0                          ; 0                    ; 1                   ;
+----------------------------+------------------+-------------------+--------------------+-------------------+-----------------------+-------------------+---------------+----------------------------+----------------------+---------------------+


+--------------------------------------------------------------------------------+
; Registers Removed During Synthesis                                             ;
+---------------------------------------+----------------------------------------+
; Register name                         ; Reason for Removal                     ;
+---------------------------------------+----------------------------------------+
; state_reg~2                           ; Lost fanout                            ;
; state_reg~3                           ; Lost fanout                            ;
; state_reg~4                           ; Lost fanout                            ;
; state_reg~5                           ; Lost fanout                            ;
; max_value[1..3]                       ; Merged with max_value[0]               ;
; max_value[0]                          ; Stuck at GND due to stuck port data_in ;
; Total Number of Removed Registers = 8 ;                                        ;
+---------------------------------------+----------------------------------------+


+------------------------------------------------------+
; General Register Statistics                          ;
+----------------------------------------------+-------+
; Statistic                                    ; Value ;
+----------------------------------------------+-------+
; Total registers                              ; 113   ;
; Number of registers using Synchronous Clear  ; 3     ;
; Number of registers using Synchronous Load   ; 38    ;
; Number of registers using Asynchronous Clear ; 53    ;
; Number of registers using Asynchronous Load  ; 0     ;
; Number of registers using Clock Enable       ; 86    ;
; Number of registers using Preset             ; 0     ;
+----------------------------------------------+-------+


+------------------------------------------------------------------------------------------------------------------------------------------+
; Multiplexer Restructuring Statistics (Restructuring Performed)                                                                           ;
+--------------------+-----------+---------------+----------------------+------------------------+------------+----------------------------+
; Multiplexer Inputs ; Bus Width ; Baseline Area ; Area if Restructured ; Saving if Restructured ; Registered ; Example Multiplexer Output ;
+--------------------+-----------+---------------+----------------------+------------------------+------------+----------------------------+
; 3:1                ; 10 bits   ; 20 LEs        ; 10 LEs               ; 10 LEs                 ; Yes        ; |ATCONV|caddr_wr[0]~reg0   ;
; 4:1                ; 12 bits   ; 24 LEs        ; 24 LEs               ; 0 LEs                  ; Yes        ; |ATCONV|cdata_wr[5]~reg0   ;
; 11:1               ; 12 bits   ; 84 LEs        ; 24 LEs               ; 60 LEs                 ; Yes        ; |ATCONV|layer_0_idx[6]     ;
; 21:1               ; 5 bits    ; 70 LEs        ; 35 LEs               ; 35 LEs                 ; Yes        ; |ATCONV|iaddr[3]~reg0      ;
; 37:1               ; 5 bits    ; 120 LEs       ; 80 LEs               ; 40 LEs                 ; Yes        ; |ATCONV|iaddr[7]~reg0      ;
; 3:1                ; 4 bits    ; 8 LEs         ; 8 LEs                ; 0 LEs                  ; No         ; |ATCONV|max_value          ;
; 3:1                ; 9 bits    ; 18 LEs        ; 18 LEs               ; 0 LEs                  ; No         ; |ATCONV|max_value          ;
; 5:1                ; 2 bits    ; 6 LEs         ; 6 LEs                ; 0 LEs                  ; No         ; |ATCONV|Add25              ;
; 16:1               ; 9 bits    ; 90 LEs        ; 18 LEs               ; 72 LEs                 ; No         ; |ATCONV|Add25              ;
+--------------------+-----------+---------------+----------------------+------------------------+------------+----------------------------+


+------------------------------------------------------------------------+
; Parameter Settings for User Entity Instance: Top-level Entity: |ATCONV ;
+------------------+-------+---------------------------------------------+
; Parameter Name   ; Value ; Type                                        ;
+------------------+-------+---------------------------------------------+
; SET_FETCH        ; 0000  ; Unsigned Binary                             ;
; FETCH_FAKE       ; 0001  ; Unsigned Binary                             ;
; FETCH_KERNEL_IDX ; 0010  ; Unsigned Binary                             ;
; CAL              ; 0011  ; Unsigned Binary                             ;
; STORE_0          ; 0100  ; Unsigned Binary                             ;
; SET_FETCH_0      ; 0101  ; Unsigned Binary                             ;
; FETCH_0          ; 0110  ; Unsigned Binary                             ;
; FIND_MAX         ; 0111  ; Unsigned Binary                             ;
; STORE_1          ; 1000  ; Unsigned Binary                             ;
; FINISH           ; 1001  ; Unsigned Binary                             ;
; IDLE             ; 1010  ; Unsigned Binary                             ;
+------------------+-------+---------------------------------------------+
Note: In order to hide this table in the UI and the text report file, please set the "Show Parameter Settings in Synthesis Report" option in "Analysis and Synthesis Settings -> More Settings" to "Off".


+-----------------------------------------------------+
; Post-Synthesis Netlist Statistics for Top Partition ;
+-----------------------+-----------------------------+
; Type                  ; Count                       ;
+-----------------------+-----------------------------+
; boundary_port         ; 82                          ;
; cycloneiii_ff         ; 113                         ;
;     CLR               ; 4                           ;
;     CLR SLD           ; 13                          ;
;     ENA               ; 27                          ;
;     ENA CLR           ; 34                          ;
;     ENA CLR SLD       ; 2                           ;
;     ENA SLD           ; 23                          ;
;     SCLR              ; 3                           ;
;     plain             ; 7                           ;
; cycloneiii_lcell_comb ; 643                         ;
;     arith             ; 228                         ;
;         2 data inputs ; 181                         ;
;         3 data inputs ; 47                          ;
;     normal            ; 415                         ;
;         0 data inputs ; 3                           ;
;         1 data inputs ; 17                          ;
;         2 data inputs ; 66                          ;
;         3 data inputs ; 80                          ;
;         4 data inputs ; 249                         ;
;                       ;                             ;
; Max LUT depth         ; 14.00                       ;
; Average LUT depth     ; 7.05                        ;
+-----------------------+-----------------------------+


+-------------------------------+
; Elapsed Time Per Partition    ;
+----------------+--------------+
; Partition Name ; Elapsed Time ;
+----------------+--------------+
; Top            ; 00:00:02     ;
+----------------+--------------+


+-------------------------------+
; Analysis & Synthesis Messages ;
+-------------------------------+
Info: *******************************************************************
Info: Running Quartus Prime Analysis & Synthesis
    Info: Version 20.1.1 Build 720 11/11/2020 SJ Lite Edition
    Info: Processing started: Fri May 19 17:32:45 2023
Info: Command: quartus_map --read_settings_files=on --write_settings_files=off ATCONV -c ATCONV
Warning (18236): Number of processors has not been specified which may cause overloading on shared machines.  Set the global assignment NUM_PARALLEL_PROCESSORS in your QSF to an appropriate value for best performance.
Info (20030): Parallel compilation is enabled and will use 2 of the 2 processors detected
Info (12021): Found 1 design units, including 1 entities, in source file /users/tuco/desktop/ic design/homework/question/hw4/file/atconv.v
    Info (12023): Found entity 1: ATCONV File: C:/Users/Tuco/Desktop/IC design/homework/question/HW4/file/ATCONV.v Line: 2
Info (12127): Elaborating entity "ATCONV" for the top level hierarchy
Info (10264): Verilog HDL Case Statement information at ATCONV.v(56): all case item expressions in this case statement are onehot File: C:/Users/Tuco/Desktop/IC design/homework/question/HW4/file/ATCONV.v Line: 56
Info (286030): Timing-Driven Synthesis is running
Info (17049): 4 registers lost all their fanouts during netlist optimizations.
Info (16010): Generating hard_block partition "hard_block:auto_generated_inst"
    Info (16011): Adding 0 node(s), including 0 DDIO, 0 PLL, 0 transceiver and 0 LCELL
Info (21057): Implemented 737 device resources after synthesis - the final resource count might be different
    Info (21058): Implemented 29 input pins
    Info (21059): Implemented 53 output pins
    Info (21061): Implemented 655 logic cells
Info: Quartus Prime Analysis & Synthesis was successful. 0 errors, 1 warning
    Info: Peak virtual memory: 4747 megabytes
    Info: Processing ended: Fri May 19 17:32:57 2023
    Info: Elapsed time: 00:00:12
    Info: Total CPU time (on all processors): 00:00:23


